// Jest Snapshot v1, https://goo.gl/fbAQLP

exports[`renders the right thing 1`] = `""`;
